// Vitest Snapshot v1, https://vitest.dev/guide/snapshot.html

exports[`MCP tool metadata > all tools have required fields 1`] = `
[
  "mindvault_setup_wallet",
  "mindvault_wallet_info",
  "mindvault_use_profile",
  "mindvault_list_profiles",
  "mindvault_browse",
  "mindvault_search",
  "mindvault_preview",
  "mindvault_register",
  "mindvault_publish",
  "mindvault_buy",
  "mindvault_register_onchain",
  "mindvault_agent_status",
  "mindvault_registry_info",
  "mindvault_check_bindings",
  "mindvault_registry_lookup",
  "mindvault_tx_status",
  "mindvault_reset",
  "mindvault_metrics",
  "mindvault_capabilities",
]
`;

exports[`MCP tool metadata > mindvault_publish inputSchema 1`] = `
{
  "properties": {
    "description": {
      "description": "Optional detailed description of the resource content. Example: 'A beginner-friendly guide covering Stellar's Federated Byzantine Agreement protocol.'",
      "examples": [
        "A beginner-friendly guide covering Stellar's Federated Byzantine Agreement protocol.",
        "Step-by-step tutorial on building Soroban smart contracts with Rust.",
      ],
      "type": "string",
    },
    "externalUrl": {
      "description": "Public URL buyers receive after payment. Example: 'https://docs.stellar.org/consensus'",
      "examples": [
        "https://docs.stellar.org/consensus",
        "https://example.com/soroban-tutorial",
        "https://stellar-anchor-guide.com",
      ],
      "type": "string",
    },
    "price": {
      "description": "Price in USDC (decimal string). Example: '5.00' charges 5 USDC per access.",
      "examples": [
        "5.00",
        "10.50",
        "0.99",
        "25.00",
      ],
      "type": "string",
    },
    "title": {
      "description": "Resource title shown in the catalog (concise, descriptive). Example: 'Intro to Stellar Consensus'",
      "examples": [
        "Intro to Stellar Consensus",
        "Soroban Smart Contract Tutorial",
        "Stellar Anchor Guide",
      ],
      "type": "string",
    },
  },
  "required": [
    "title",
    "price",
    "externalUrl",
  ],
  "type": "object",
}
`;

exports[`MCP tool metadata > mindvault_search inputSchema 1`] = `
{
  "properties": {
    "maxPrice": {
      "description": "Maximum USDC price to include (decimal string). Example: '20.00' excludes resources priced above 20 USDC.",
      "examples": [
        "20.00",
        "15.99",
        "100.00",
      ],
      "type": "string",
    },
    "minPrice": {
      "description": "Minimum USDC price to include (decimal string). Example: '5.00' includes resources priced 5 USDC and above.",
      "examples": [
        "5.00",
        "10.50",
        "0.50",
      ],
      "type": "string",
    },
    "query": {
      "description": "Keyword(s) to match against resource title or description. Examples: 'Stellar tutorial', 'Soroban smart contracts', 'DeFi guide'",
      "examples": [
        "Stellar tutorial",
        "Soroban smart contracts",
        "DeFi guide",
      ],
      "type": "string",
    },
    "resourceType": {
      "description": "Filter by resource type. 'file' = downloadable file (PDF, ebook, etc.), 'link' = external URL to web content.",
      "enum": [
        "file",
        "link",
      ],
      "examples": [
        "link",
        "file",
      ],
      "type": "string",
    },
    "verificationStatus": {
      "description": "Filter by verification status. 'verified' = passed AI originality check, 'pending' = awaiting verification, 'rejected' = failed check, 'skipped' = verification skipped.",
      "enum": [
        "pending",
        "verified",
        "rejected",
        "skipped",
      ],
      "examples": [
        "verified",
      ],
      "type": "string",
    },
  },
  "required": [
    "query",
  ],
  "type": "object",
}
`;
